
> L-Marcel.Application-Navette@0.1.0 build
> next build

  ▲ Next.js 14.2.35
  - Environments: .env

   Creating an optimized production build ...
 ✓ Compiled successfully
   Linting and checking validity of types ...

Failed to compile.

./src/app/(dashboard)/admin/page.tsx
213:28  Error: `'` can be escaped with `&apos;`, `&lsquo;`, `&#39;`, `&rsquo;`.  react/no-unescaped-entities

./src/app/(dashboard)/collabo_valideur/page.tsx
216:81  Error: `'` can be escaped with `&apos;`, `&lsquo;`, `&#39;`, `&rsquo;`.  react/no-unescaped-entities

./src/app/(dashboard)/list/collaborateurs/page.tsx
341:125  Error: `'` can be escaped with `&apos;`, `&lsquo;`, `&#39;`, `&rsquo;`.  react/no-unescaped-entities

./src/app/(dashboard)/list/demande/page.tsx
76:8  Warning: React Hook useCallback has a missing dependency: 'updateRow'. Either include it or remove the dependency array.  react-hooks/exhaustive-deps
128:8  Warning: React Hook useCallback has a missing dependency: 'updateRow'. Either include it or remove the dependency array.  react-hooks/exhaustive-deps

./src/app/(dashboard)/profile/page.tsx
57:8  Warning: Using `<img>` could result in slower LCP and higher bandwidth. Consider using `<Image />` from `next/image` to automatically optimize images. This may incur additional usage or cost from your provider. See: https://nextjs.org/docs/messages/no-img-element  @next/next/no-img-element

./src/app/(dashboard)/render/autorisation-paiement/[id]/page.tsx
117:163  Error: `'` can be escaped with `&apos;`, `&lsquo;`, `&#39;`, `&rsquo;`.  react/no-unescaped-entities

./src/components/AuthProvider.tsx
77:6  Warning: React Hook useEffect has a missing dependency: 'fetchUser'. Either include it or remove the dependency array.  react-hooks/exhaustive-deps

./src/components/ProfileModal.tsx
78:8  Warning: Using `<img>` could result in slower LCP and higher bandwidth. Consider using `<Image />` from `next/image` to automatically optimize images. This may incur additional usage or cost from your provider. See: https://nextjs.org/docs/messages/no-img-element  @next/next/no-img-element

./src/components/forms/CollaboratorForm.tsx
263:6  Warning: React Hook useEffect has a missing dependency: 'isUpdate'. Either include it or remove the dependency array.  react-hooks/exhaustive-deps
570:17  Warning: Using `<img>` could result in slower LCP and higher bandwidth. Consider using `<Image />` from `next/image` to automatically optimize images. This may incur additional usage or cost from your provider. See: https://nextjs.org/docs/messages/no-img-element  @next/next/no-img-element

info  - Need to disable some ESLint rules? Learn more here: https://nextjs.org/docs/basic-features/eslint#disabling-rules
